   Γû▓ Next.js 15.5.20
   - Environments: .env.local

   Creating an optimized production build ...
node.exe :  Γ¿» services/page.tsx doesn't have a root layout. To fix this error, make sure every page has a root 
layout.
At C:\Program Files\nodejs\npx.ps1:29 char:3
+   & $NODE_EXE $NPX_CLI_JS $args
+   ~~~~~~~~~~~~~~~~~~~~~~~~~~~~~
    + CategoryInfo          : NotSpecified: ( Γ¿» services/p... a root layout.:String) [], RemoteException
    + FullyQualifiedErrorId : NativeCommandError
 
Next.js build worker exited with code: 1 and signal: null
